============================= test session starts =============================
platform win32 -- Python 3.9.13, pytest-8.4.0, pluggy-1.6.0
rootdir: C:\Users\jacks\OneDrive\Desktop\MERIDIAN\Meridian DEV\Meridian Map V2\backend
plugins: anyio-4.9.0
collected 1 item

test_api.py .                                                            [100%]

============================= 1 passed in 11.80s ==============================
